

================================================================
== Synthesis Summary Report of 'Filter2DKernel'
================================================================
+ General Information: 
    * Date:           Thu Sep  7 16:46:18 2023
    * Version:        2020.2 (Build 3064766 on Wed Nov 18 09:12:47 MST 2020)
    * Project:        conv_filter_prj
    * Solution:       solution (Vivado IP Flow Target)
    * Product family: zynquplus
    * Target device:  xczu9eg-ffvb1156-2-e
    

+ Performance & Resource Estimates: 
    
    PS: '+' for module; 'o' for loop; '*' for dataflow
    +--------------------------------------------+--------+-------+---------+-----------+----------+---------+---------+----------+-----------+-----------+-------------+--------------+-----+
    |                   Modules                  |  Issue |       | Latency |  Latency  | Iteration|         |   Trip  |          |           |           |             |              |     |
    |                   & Loops                  |  Type  | Slack | (cycles)|    (ns)   |  Latency | Interval|  Count  | Pipelined|   BRAM    |    DSP    |      FF     |      LUT     | URAM|
    +--------------------------------------------+--------+-------+---------+-----------+----------+---------+---------+----------+-----------+-----------+-------------+--------------+-----+
    |+ Filter2DKernel*                           |  Timing|   0.91|  2083213|  6.943e+06|         -|  2083212|        -|  dataflow|  258 (14%)|  365 (14%)|  70410 (12%)|  105485 (38%)|    -|
    | + grp_Filter2D_fu_176                      |  Timing|   0.91|  2073751|  6.912e+06|         -|  2073751|        -|        no|          -|  364 (14%)|  61195 (11%)|  103787 (37%)|    -|
    |  + grp_p_hls_fptosi_float_i32_fu_1214      |       -|  -0.87|        2|      6.666|         -|        1|        -|       yes|          -|          -|    132 (~0%)|     632 (~0%)|    -|
    |  + grp_p_hls_fptosi_float_i32_fu_1219      |       -|  -0.87|        2|      6.666|         -|        1|        -|       yes|          -|          -|    132 (~0%)|     632 (~0%)|    -|
    |  + grp_p_hls_fptosi_float_i32_fu_1224      |       -|  -0.87|        2|      6.666|         -|        1|        -|       yes|          -|          -|    132 (~0%)|     632 (~0%)|    -|
    |  + grp_p_hls_fptosi_float_i32_fu_1229      |       -|  -0.87|        2|      6.666|         -|        1|        -|       yes|          -|          -|    132 (~0%)|     632 (~0%)|    -|
    |  + grp_p_hls_fptosi_float_i32_fu_1234      |       -|  -0.87|        2|      6.666|         -|        1|        -|       yes|          -|          -|    132 (~0%)|     632 (~0%)|    -|
    |  + grp_p_hls_fptosi_float_i32_fu_1239      |       -|  -0.87|        2|      6.666|         -|        1|        -|       yes|          -|          -|    132 (~0%)|     632 (~0%)|    -|
    |  + grp_p_hls_fptosi_float_i32_fu_1244      |       -|  -0.87|        2|      6.666|         -|        1|        -|       yes|          -|          -|    132 (~0%)|     632 (~0%)|    -|
    |  + grp_p_hls_fptosi_float_i32_fu_1249      |       -|  -0.87|        2|      6.666|         -|        1|        -|       yes|          -|          -|    132 (~0%)|     632 (~0%)|    -|
    |  + grp_p_hls_fptosi_float_i32_fu_1254      |       -|  -0.87|        2|      6.666|         -|        1|        -|       yes|          -|          -|    132 (~0%)|     632 (~0%)|    -|
    |  + grp_p_hls_fptosi_float_i32_fu_1259      |       -|  -0.87|        2|      6.666|         -|        1|        -|       yes|          -|          -|    132 (~0%)|     632 (~0%)|    -|
    |  + grp_p_hls_fptosi_float_i32_fu_1264      |       -|  -0.87|        2|      6.666|         -|        1|        -|       yes|          -|          -|    132 (~0%)|     632 (~0%)|    -|
    |  + grp_p_hls_fptosi_float_i32_fu_1269      |       -|  -0.87|        2|      6.666|         -|        1|        -|       yes|          -|          -|    132 (~0%)|     632 (~0%)|    -|
    |  + grp_p_hls_fptosi_float_i32_fu_1274      |       -|  -0.87|        2|      6.666|         -|        1|        -|       yes|          -|          -|    132 (~0%)|     632 (~0%)|    -|
    |  + grp_p_hls_fptosi_float_i32_fu_1279      |       -|  -0.87|        2|      6.666|         -|        1|        -|       yes|          -|          -|    132 (~0%)|     632 (~0%)|    -|
    |  + grp_p_hls_fptosi_float_i32_fu_1284      |       -|  -0.87|        2|      6.666|         -|        1|        -|       yes|          -|          -|    132 (~0%)|     632 (~0%)|    -|
    |  + grp_p_hls_fptosi_float_i32_fu_1289      |       -|  -0.87|        2|      6.666|         -|        1|        -|       yes|          -|          -|    132 (~0%)|     632 (~0%)|    -|
    |  + grp_p_hls_fptosi_float_i32_fu_1294      |       -|  -0.87|        2|      6.666|         -|        1|        -|       yes|          -|          -|    132 (~0%)|     632 (~0%)|    -|
    |  + grp_p_hls_fptosi_float_i32_fu_1299      |       -|  -0.87|        2|      6.666|         -|        1|        -|       yes|          -|          -|    132 (~0%)|     632 (~0%)|    -|
    |  + grp_p_hls_fptosi_float_i32_fu_1304      |       -|  -0.87|        2|      6.666|         -|        1|        -|       yes|          -|          -|    132 (~0%)|     632 (~0%)|    -|
    |  + grp_p_hls_fptosi_float_i32_fu_1309      |       -|  -0.87|        2|      6.666|         -|        1|        -|       yes|          -|          -|    132 (~0%)|     632 (~0%)|    -|
    |  + grp_p_hls_fptosi_float_i32_fu_1314      |       -|  -0.87|        2|      6.666|         -|        1|        -|       yes|          -|          -|    132 (~0%)|     632 (~0%)|    -|
    |  + grp_p_hls_fptosi_float_i32_fu_1319      |       -|  -0.87|        2|      6.666|         -|        1|        -|       yes|          -|          -|    132 (~0%)|     632 (~0%)|    -|
    |  + grp_p_hls_fptosi_float_i32_fu_1324      |       -|  -0.87|        2|      6.666|         -|        1|        -|       yes|          -|          -|    132 (~0%)|     632 (~0%)|    -|
    |  + grp_p_hls_fptosi_float_i32_fu_1329      |       -|  -0.87|        2|      6.666|         -|        1|        -|       yes|          -|          -|    132 (~0%)|     632 (~0%)|    -|
    |  + grp_p_hls_fptosi_float_i32_fu_1334      |       -|  -0.87|        2|      6.666|         -|        1|        -|       yes|          -|          -|    132 (~0%)|     632 (~0%)|    -|
    |  + grp_p_hls_fptosi_float_i32_fu_1339      |       -|  -0.87|        2|      6.666|         -|        1|        -|       yes|          -|          -|    132 (~0%)|     632 (~0%)|    -|
    |  + grp_p_hls_fptosi_float_i32_fu_1344      |       -|  -0.87|        2|      6.666|         -|        1|        -|       yes|          -|          -|    132 (~0%)|     632 (~0%)|    -|
    |  + grp_p_hls_fptosi_float_i32_fu_1349      |       -|  -0.87|        2|      6.666|         -|        1|        -|       yes|          -|          -|    132 (~0%)|     632 (~0%)|    -|
    |  + grp_p_hls_fptosi_float_i32_fu_1354      |       -|  -0.87|        2|      6.666|         -|        1|        -|       yes|          -|          -|    132 (~0%)|     632 (~0%)|    -|
    |  + grp_p_hls_fptosi_float_i32_fu_1359      |       -|  -0.87|        2|      6.666|         -|        1|        -|       yes|          -|          -|    132 (~0%)|     632 (~0%)|    -|
    |  + grp_p_hls_fptosi_float_i32_fu_1364      |       -|  -0.87|        2|      6.666|         -|        1|        -|       yes|          -|          -|    132 (~0%)|     632 (~0%)|    -|
    |  + grp_p_hls_fptosi_float_i32_fu_1369      |       -|  -0.87|        2|      6.666|         -|        1|        -|       yes|          -|          -|    132 (~0%)|     632 (~0%)|    -|
    |  + grp_p_hls_fptosi_float_i32_fu_1374      |       -|  -0.87|        2|      6.666|         -|        1|        -|       yes|          -|          -|    132 (~0%)|     632 (~0%)|    -|
    |  + grp_p_hls_fptosi_float_i32_fu_1379      |       -|  -0.87|        2|      6.666|         -|        1|        -|       yes|          -|          -|    132 (~0%)|     632 (~0%)|    -|
    |  + grp_p_hls_fptosi_float_i32_fu_1384      |       -|  -0.87|        2|      6.666|         -|        1|        -|       yes|          -|          -|    132 (~0%)|     632 (~0%)|    -|
    |  + grp_p_hls_fptosi_float_i32_fu_1389      |       -|  -0.87|        2|      6.666|         -|        1|        -|       yes|          -|          -|    132 (~0%)|     632 (~0%)|    -|
    |  + grp_p_hls_fptosi_float_i32_fu_1394      |       -|  -0.87|        2|      6.666|         -|        1|        -|       yes|          -|          -|    132 (~0%)|     632 (~0%)|    -|
    |  + grp_p_hls_fptosi_float_i32_fu_1399      |       -|  -0.87|        2|      6.666|         -|        1|        -|       yes|          -|          -|    132 (~0%)|     632 (~0%)|    -|
    |  + grp_p_hls_fptosi_float_i32_fu_1404      |       -|  -0.87|        2|      6.666|         -|        1|        -|       yes|          -|          -|    132 (~0%)|     632 (~0%)|    -|
    |  + grp_p_hls_fptosi_float_i32_fu_1409      |       -|  -0.87|        2|      6.666|         -|        1|        -|       yes|          -|          -|    132 (~0%)|     632 (~0%)|    -|
    |  + grp_p_hls_fptosi_float_i32_fu_1414      |       -|  -0.87|        2|      6.666|         -|        1|        -|       yes|          -|          -|    132 (~0%)|     632 (~0%)|    -|
    |  + grp_p_hls_fptosi_float_i32_fu_1419      |       -|  -0.87|        2|      6.666|         -|        1|        -|       yes|          -|          -|    132 (~0%)|     632 (~0%)|    -|
    |  + grp_p_hls_fptosi_float_i32_fu_1424      |       -|  -0.87|        2|      6.666|         -|        1|        -|       yes|          -|          -|    132 (~0%)|     632 (~0%)|    -|
    |  + grp_p_hls_fptosi_float_i32_fu_1429      |       -|  -0.87|        2|      6.666|         -|        1|        -|       yes|          -|          -|    132 (~0%)|     632 (~0%)|    -|
    |  + grp_p_hls_fptosi_float_i32_fu_1434      |       -|  -0.87|        2|      6.666|         -|        1|        -|       yes|          -|          -|    132 (~0%)|     632 (~0%)|    -|
    |  + grp_p_hls_fptosi_float_i32_fu_1439      |       -|  -0.87|        2|      6.666|         -|        1|        -|       yes|          -|          -|    132 (~0%)|     632 (~0%)|    -|
    |  + grp_p_hls_fptosi_float_i32_fu_1444      |       -|  -0.87|        2|      6.666|         -|        1|        -|       yes|          -|          -|    132 (~0%)|     632 (~0%)|    -|
    |  + grp_p_hls_fptosi_float_i32_fu_1449      |       -|  -0.87|        2|      6.666|         -|        1|        -|       yes|          -|          -|    132 (~0%)|     632 (~0%)|    -|
    |  + grp_p_hls_fptosi_float_i32_fu_1454      |       -|  -0.87|        2|      6.666|         -|        1|        -|       yes|          -|          -|    132 (~0%)|     632 (~0%)|    -|
    |  + grp_p_hls_fptosi_float_i32_fu_1459      |       -|  -0.87|        2|      6.666|         -|        1|        -|       yes|          -|          -|    132 (~0%)|     632 (~0%)|    -|
    |  + grp_p_hls_fptosi_float_i32_fu_1464      |       -|  -0.87|        2|      6.666|         -|        1|        -|       yes|          -|          -|    132 (~0%)|     632 (~0%)|    -|
    |  + grp_p_hls_fptosi_float_i32_fu_1469      |       -|  -0.87|        2|      6.666|         -|        1|        -|       yes|          -|          -|    132 (~0%)|     632 (~0%)|    -|
    |  + grp_p_hls_fptosi_float_i32_fu_1474      |       -|  -0.87|        2|      6.666|         -|        1|        -|       yes|          -|          -|    132 (~0%)|     632 (~0%)|    -|
    |  + grp_p_hls_fptosi_float_i32_fu_1479      |       -|  -0.87|        2|      6.666|         -|        1|        -|       yes|          -|          -|    132 (~0%)|     632 (~0%)|    -|
    |  + grp_p_hls_fptosi_float_i32_fu_1484      |       -|  -0.87|        2|      6.666|         -|        1|        -|       yes|          -|          -|    132 (~0%)|     632 (~0%)|    -|
    |  + grp_p_hls_fptosi_float_i32_fu_1489      |       -|  -0.87|        2|      6.666|         -|        1|        -|       yes|          -|          -|    132 (~0%)|     632 (~0%)|    -|
    |  + grp_p_hls_fptosi_float_i32_fu_1494      |       -|  -0.87|        2|      6.666|         -|        1|        -|       yes|          -|          -|    132 (~0%)|     632 (~0%)|    -|
    |  + grp_p_hls_fptosi_float_i32_fu_1499      |       -|  -0.87|        2|      6.666|         -|        1|        -|       yes|          -|          -|    132 (~0%)|     632 (~0%)|    -|
    |  + grp_p_hls_fptosi_float_i32_fu_1504      |       -|  -0.87|        2|      6.666|         -|        1|        -|       yes|          -|          -|    132 (~0%)|     632 (~0%)|    -|
    |  + grp_p_hls_fptosi_float_i32_fu_1509      |       -|  -0.87|        2|      6.666|         -|        1|        -|       yes|          -|          -|    132 (~0%)|     632 (~0%)|    -|
    |  + grp_p_hls_fptosi_float_i32_fu_1514      |       -|  -0.87|        2|      6.666|         -|        1|        -|       yes|          -|          -|    132 (~0%)|     632 (~0%)|    -|
    |  + grp_p_hls_fptosi_float_i32_fu_1519      |       -|  -0.87|        2|      6.666|         -|        1|        -|       yes|          -|          -|    132 (~0%)|     632 (~0%)|    -|
    |  + grp_p_hls_fptosi_float_i32_fu_1524      |       -|  -0.87|        2|      6.666|         -|        1|        -|       yes|          -|          -|    132 (~0%)|     632 (~0%)|    -|
    |  + grp_p_hls_fptosi_float_i32_fu_1529      |       -|  -0.87|        2|      6.666|         -|        1|        -|       yes|          -|          -|    132 (~0%)|     632 (~0%)|    -|
    |  + grp_p_hls_fptosi_float_i32_fu_1534      |       -|  -0.87|        2|      6.666|         -|        1|        -|       yes|          -|          -|    132 (~0%)|     632 (~0%)|    -|
    |  + grp_p_hls_fptosi_float_i32_fu_1539      |       -|  -0.87|        2|      6.666|         -|        1|        -|       yes|          -|          -|    132 (~0%)|     632 (~0%)|    -|
    |  + grp_p_hls_fptosi_float_i32_fu_1544      |       -|  -0.87|        2|      6.666|         -|        1|        -|       yes|          -|          -|    132 (~0%)|     632 (~0%)|    -|
    |  + grp_p_hls_fptosi_float_i32_fu_1549      |       -|  -0.87|        2|      6.666|         -|        1|        -|       yes|          -|          -|    132 (~0%)|     632 (~0%)|    -|
    |  + grp_p_hls_fptosi_float_i32_fu_1554      |       -|  -0.87|        2|      6.666|         -|        1|        -|       yes|          -|          -|    132 (~0%)|     632 (~0%)|    -|
    |  + grp_p_hls_fptosi_float_i32_fu_1559      |       -|  -0.87|        2|      6.666|         -|        1|        -|       yes|          -|          -|    132 (~0%)|     632 (~0%)|    -|
    |  + grp_p_hls_fptosi_float_i32_fu_1564      |       -|  -0.87|        2|      6.666|         -|        1|        -|       yes|          -|          -|    132 (~0%)|     632 (~0%)|    -|
    |  + grp_p_hls_fptosi_float_i32_fu_1569      |       -|  -0.87|        2|      6.666|         -|        1|        -|       yes|          -|          -|    132 (~0%)|     632 (~0%)|    -|
    |  + grp_p_hls_fptosi_float_i32_fu_1574      |       -|  -0.87|        2|      6.666|         -|        1|        -|       yes|          -|          -|    132 (~0%)|     632 (~0%)|    -|
    |  + grp_p_hls_fptosi_float_i32_fu_1579      |       -|  -0.87|        2|      6.666|         -|        1|        -|       yes|          -|          -|    132 (~0%)|     632 (~0%)|    -|
    |  + grp_p_hls_fptosi_float_i32_fu_1584      |       -|  -0.87|        2|      6.666|         -|        1|        -|       yes|          -|          -|    132 (~0%)|     632 (~0%)|    -|
    |  + grp_p_hls_fptosi_float_i32_fu_1589      |       -|  -0.87|        2|      6.666|         -|        1|        -|       yes|          -|          -|    132 (~0%)|     632 (~0%)|    -|
    |  + grp_p_hls_fptosi_float_i32_fu_1594      |       -|  -0.87|        2|      6.666|         -|        1|        -|       yes|          -|          -|    132 (~0%)|     632 (~0%)|    -|
    |  + grp_p_hls_fptosi_float_i32_fu_1599      |       -|  -0.87|        2|      6.666|         -|        1|        -|       yes|          -|          -|    132 (~0%)|     632 (~0%)|    -|
    |  + grp_p_hls_fptosi_float_i32_fu_1604      |       -|  -0.87|        2|      6.666|         -|        1|        -|       yes|          -|          -|    132 (~0%)|     632 (~0%)|    -|
    |  + grp_p_hls_fptosi_float_i32_fu_1609      |       -|  -0.87|        2|      6.666|         -|        1|        -|       yes|          -|          -|    132 (~0%)|     632 (~0%)|    -|
    |  + grp_p_hls_fptosi_float_i32_fu_1614      |       -|  -0.87|        2|      6.666|         -|        1|        -|       yes|          -|          -|    132 (~0%)|     632 (~0%)|    -|
    |  + grp_p_hls_fptosi_float_i32_fu_1619      |       -|  -0.87|        2|      6.666|         -|        1|        -|       yes|          -|          -|    132 (~0%)|     632 (~0%)|    -|
    |  + grp_p_hls_fptosi_float_i32_fu_1624      |       -|  -0.87|        2|      6.666|         -|        1|        -|       yes|          -|          -|    132 (~0%)|     632 (~0%)|    -|
    |  + grp_p_hls_fptosi_float_i32_fu_1629      |       -|  -0.87|        2|      6.666|         -|        1|        -|       yes|          -|          -|    132 (~0%)|     632 (~0%)|    -|
    |  + grp_p_hls_fptosi_float_i32_fu_1634      |       -|  -0.87|        2|      6.666|         -|        1|        -|       yes|          -|          -|    132 (~0%)|     632 (~0%)|    -|
    |  + grp_p_hls_fptosi_float_i32_fu_1639      |       -|  -0.87|        2|      6.666|         -|        1|        -|       yes|          -|          -|    132 (~0%)|     632 (~0%)|    -|
    |  + grp_p_hls_fptosi_float_i32_fu_1644      |       -|  -0.87|        2|      6.666|         -|        1|        -|       yes|          -|          -|    132 (~0%)|     632 (~0%)|    -|
    |  + grp_p_hls_fptosi_float_i32_fu_1649      |       -|  -0.87|        2|      6.666|         -|        1|        -|       yes|          -|          -|    132 (~0%)|     632 (~0%)|    -|
    |  + grp_p_hls_fptosi_float_i32_fu_1654      |       -|  -0.87|        2|      6.666|         -|        1|        -|       yes|          -|          -|    132 (~0%)|     632 (~0%)|    -|
    |  + grp_p_hls_fptosi_float_i32_fu_1659      |       -|  -0.87|        2|      6.666|         -|        1|        -|       yes|          -|          -|    132 (~0%)|     632 (~0%)|    -|
    |  + grp_p_hls_fptosi_float_i32_fu_1664      |       -|  -0.87|        2|      6.666|         -|        1|        -|       yes|          -|          -|    132 (~0%)|     632 (~0%)|    -|
    |  + grp_p_hls_fptosi_float_i32_fu_1669      |       -|  -0.87|        2|      6.666|         -|        1|        -|       yes|          -|          -|    132 (~0%)|     632 (~0%)|    -|
    |  + grp_p_hls_fptosi_float_i32_fu_1674      |       -|  -0.87|        2|      6.666|         -|        1|        -|       yes|          -|          -|    132 (~0%)|     632 (~0%)|    -|
    |  + grp_p_hls_fptosi_float_i32_fu_1679      |       -|  -0.87|        2|      6.666|         -|        1|        -|       yes|          -|          -|    132 (~0%)|     632 (~0%)|    -|
    |  + grp_p_hls_fptosi_float_i32_fu_1684      |       -|  -0.87|        2|      6.666|         -|        1|        -|       yes|          -|          -|    132 (~0%)|     632 (~0%)|    -|
    |  + grp_p_hls_fptosi_float_i32_fu_1689      |       -|  -0.87|        2|      6.666|         -|        1|        -|       yes|          -|          -|    132 (~0%)|     632 (~0%)|    -|
    |  + grp_p_hls_fptosi_float_i32_fu_1694      |       -|  -0.87|        2|      6.666|         -|        1|        -|       yes|          -|          -|    132 (~0%)|     632 (~0%)|    -|
    |  + grp_p_hls_fptosi_float_i32_fu_1699      |       -|  -0.87|        2|      6.666|         -|        1|        -|       yes|          -|          -|    132 (~0%)|     632 (~0%)|    -|
    |  + grp_p_hls_fptosi_float_i32_fu_1704      |       -|  -0.87|        2|      6.666|         -|        1|        -|       yes|          -|          -|    132 (~0%)|     632 (~0%)|    -|
    |  + grp_p_hls_fptosi_float_i32_fu_1709      |       -|  -0.87|        2|      6.666|         -|        1|        -|       yes|          -|          -|    132 (~0%)|     632 (~0%)|    -|
    |  + grp_p_hls_fptosi_float_i32_fu_1714      |       -|  -0.87|        2|      6.666|         -|        1|        -|       yes|          -|          -|    132 (~0%)|     632 (~0%)|    -|
    |  + grp_p_hls_fptosi_float_i32_fu_1719      |       -|  -0.87|        2|      6.666|         -|        1|        -|       yes|          -|          -|    132 (~0%)|     632 (~0%)|    -|
    |  + grp_p_hls_fptosi_float_i32_fu_1724      |       -|  -0.87|        2|      6.666|         -|        1|        -|       yes|          -|          -|    132 (~0%)|     632 (~0%)|    -|
    |  + grp_p_hls_fptosi_float_i32_fu_1729      |       -|  -0.87|        2|      6.666|         -|        1|        -|       yes|          -|          -|    132 (~0%)|     632 (~0%)|    -|
    |  + grp_p_hls_fptosi_float_i32_fu_1734      |       -|  -0.87|        2|      6.666|         -|        1|        -|       yes|          -|          -|    132 (~0%)|     632 (~0%)|    -|
    |  + grp_p_hls_fptosi_float_i32_fu_1739      |       -|  -0.87|        2|      6.666|         -|        1|        -|       yes|          -|          -|    132 (~0%)|     632 (~0%)|    -|
    |  + grp_p_hls_fptosi_float_i32_fu_1744      |       -|  -0.87|        2|      6.666|         -|        1|        -|       yes|          -|          -|    132 (~0%)|     632 (~0%)|    -|
    |  + grp_p_hls_fptosi_float_i32_fu_1749      |       -|  -0.87|        2|      6.666|         -|        1|        -|       yes|          -|          -|    132 (~0%)|     632 (~0%)|    -|
    |  + grp_p_hls_fptosi_float_i32_fu_1754      |       -|  -0.87|        2|      6.666|         -|        1|        -|       yes|          -|          -|    132 (~0%)|     632 (~0%)|    -|
    |  + grp_p_hls_fptosi_float_i32_fu_1759      |       -|  -0.87|        2|      6.666|         -|        1|        -|       yes|          -|          -|    132 (~0%)|     632 (~0%)|    -|
    |  + grp_p_hls_fptosi_float_i32_fu_1764      |       -|  -0.87|        2|      6.666|         -|        1|        -|       yes|          -|          -|    132 (~0%)|     632 (~0%)|    -|
    |  + grp_p_hls_fptosi_float_i32_fu_1769      |       -|  -0.87|        2|      6.666|         -|        1|        -|       yes|          -|          -|    132 (~0%)|     632 (~0%)|    -|
    |  + grp_p_hls_fptosi_float_i32_fu_1774      |       -|  -0.87|        2|      6.666|         -|        1|        -|       yes|          -|          -|    132 (~0%)|     632 (~0%)|    -|
    |  + grp_p_hls_fptosi_float_i32_fu_1779      |       -|  -0.87|        2|      6.666|         -|        1|        -|       yes|          -|          -|    132 (~0%)|     632 (~0%)|    -|
    |  + grp_p_hls_fptosi_float_i32_fu_1784      |       -|  -0.87|        2|      6.666|         -|        1|        -|       yes|          -|          -|    132 (~0%)|     632 (~0%)|    -|
    |  + grp_p_hls_fptosi_float_i32_fu_1789      |       -|  -0.87|        2|      6.666|         -|        1|        -|       yes|          -|          -|    132 (~0%)|     632 (~0%)|    -|
    |  + grp_p_hls_fptosi_float_i32_fu_1794      |       -|  -0.87|        2|      6.666|         -|        1|        -|       yes|          -|          -|    132 (~0%)|     632 (~0%)|    -|
    |  + grp_p_hls_fptosi_float_i32_fu_1799      |       -|  -0.87|        2|      6.666|         -|        1|        -|       yes|          -|          -|    132 (~0%)|     632 (~0%)|    -|
    |  + grp_p_hls_fptosi_float_i32_fu_1804      |       -|  -0.87|        2|      6.666|         -|        1|        -|       yes|          -|          -|    132 (~0%)|     632 (~0%)|    -|
    |  + grp_p_hls_fptosi_float_i32_fu_1809      |       -|  -0.87|        2|      6.666|         -|        1|        -|       yes|          -|          -|    132 (~0%)|     632 (~0%)|    -|
    |  + grp_p_hls_fptosi_float_i32_fu_1814      |       -|  -0.87|        2|      6.666|         -|        1|        -|       yes|          -|          -|    132 (~0%)|     632 (~0%)|    -|
    |  o load_coefs_VITIS_LOOP_156_1             |       -|  -2.33|      121|    403.293|         2|        1|      121|       yes|          -|          -|            -|             -|    -|
    |  o apply_filter_VITIS_LOOP_165_2           |       -|  -2.33|  2073623|  6.911e+06|        25|        1|  2073600|       yes|          -|          -|            -|             -|    -|
    | + grp_Window2D_fu_193                      |       -|  -0.61|  2083211|  6.943e+06|         -|  2083211|        -|        no|    40 (2%)|    1 (~0%)|    7877 (1%)|     462 (~0%)|    -|
    |  o update_window                           |       -|  -2.33|  2083206|  6.943e+06|         3|        1|  2083205|       yes|          -|          -|            -|             -|    -|
    | + grp_ReadFromMem_fu_202                   |       -|  -1.10|      131|    436.623|         -|      131|        -|        no|          -|          -|     50 (~0%)|     121 (~0%)|    -|
    |  o read_coefs                              |       -|  -2.33|      129|    429.957|         3|        1|      128|       yes|          -|          -|            -|             -|    -|
    | + call_ln210_Filter2DKernel_entry4_fu_209  |       -|   0.00|        0|      0.000|         -|        0|        -|        no|          -|          -|      3 (~0%)|      92 (~0%)|    -|
    | + call_ln212_Filter2DKernel_entry3_fu_221  |       -|  -1.17|        0|      0.000|         -|        0|        -|        no|          -|          -|      3 (~0%)|      47 (~0%)|    -|
    +--------------------------------------------+--------+-------+---------+-----------+----------+---------+---------+----------+-----------+-----------+-------------+--------------+-----+

