

================================================================
== Synthesis Summary Report of 'ZIP_HLS_accel'
================================================================
+ General Information: 
    * Date:           Thu Sep  7 16:47:38 2023
    * Version:        2020.2 (Build 3064766 on Wed Nov 18 09:12:47 MST 2020)
    * Project:        ZIP_prj
    * Solution:       zip (Vivado IP Flow Target)
    * Product family: zynquplus
    * Target device:  xczu9eg-ffvb1156-2-e
    

+ Performance & Resource Estimates: 
    
    PS: '+' for module; 'o' for loop; '*' for dataflow
    +-----------------------------+--------+-------+---------+-----------+----------+---------+------+----------+---------+----------+------------+-----------+-----+
    |           Modules           |  Issue |       | Latency |  Latency  | Iteration|         | Trip |          |         |          |            |           |     |
    |           & Loops           |  Type  | Slack | (cycles)|    (ns)   |  Latency | Interval| Count| Pipelined|  BRAM   |    DSP   |     FF     |    LUT    | URAM|
    +-----------------------------+--------+-------+---------+-----------+----------+---------+------+----------+---------+----------+------------+-----------+-----+
    |+ ZIP_HLS_accel              |  Timing|   0.17|    16445|  5.481e+04|         -|    16446|     -|        no|  24 (1%)|  24 (~0%)|  4193 (~0%)|  3097 (1%)|    -|
    | + grp_wrapper_zip_hw_fu_76  |  Timing|   0.17|    16442|  5.480e+04|         -|    16442|     -|        no|  24 (1%)|  24 (~0%)|  4013 (~0%)|  2892 (1%)|    -|
    |  o VITIS_LOOP_22_1          |       -|  -2.43|     4096|  1.365e+04|         1|        1|  4096|       yes|        -|         -|           -|          -|    -|
    |  o VITIS_LOOP_29_2          |       -|  -2.43|     4096|  1.365e+04|         1|        1|  4096|       yes|        -|         -|           -|          -|    -|
    |  o zip_add_l                |       -|  -2.43|     4108|  1.369e+04|        14|        1|  4096|       yes|        -|         -|           -|          -|    -|
    |  o zip_sub_l                |       -|  -2.43|     4108|  1.369e+04|        14|        1|  4096|       yes|        -|         -|           -|          -|    -|
    |  o zip_mult_l               |       -|  -2.43|     4115|  1.372e+04|        21|        1|  4096|       yes|        -|         -|           -|          -|    -|
    |  o zip_div_l                |       -|  -2.43|     4145|  1.382e+04|        51|        1|  4096|       yes|        -|         -|           -|          -|    -|
    |  o zip_add_l                |       -|  -2.43|     4108|  1.369e+04|        14|        1|  4096|       yes|        -|         -|           -|          -|    -|
    |  o VITIS_LOOP_56_3          |       -|  -2.43|     4096|  1.365e+04|         2|        1|  4096|       yes|        -|         -|           -|          -|    -|
    +-----------------------------+--------+-------+---------+-----------+----------+---------+------+----------+---------+----------+------------+-----------+-----+

